C:/mingw64/bin/g++.exe : In 
file included from 
src/scenes/MenuScene.h:4,
At line:1 char:1
+ C:/mingw64/bin/g++.exe 
-Wall -std=c++14 
-D_DEFAULT_SOURCE -g -O0 -I.  
...
+ ~~~~~~~~~~~~~~~~~~~~~~~~~~~~
~~~~~~~~~~~~~~~~~~~~~~~~~~~~~~
~~~~~~~~~~~
    + CategoryInfo            
  : NotSpecifi    ed: (In 
file inclu    
de.../MenuScene.h:    
4,:String) [], Rem    
oteException
    + FullyQualifiedEr    
rorId : NativeComm    andError
 
                 from 
src/Game.cpp:2:
src/scenes/UIStyle.h:25:1: 
warning: inline variables are 
only available with 
'-std=c++17' or 
'-std=gnu++17' 
[-Wc++17-extensions]
   25 | inline Font FONT_REG; 
  // regular weight
      | ^~~~~~
src/scenes/UIStyle.h:26:1: 
warning: inline variables are 
only available with 
'-std=c++17' or 
'-std=gnu++17' 
[-Wc++17-extensions]
   26 | inline Font 
FONT_BOLD;  // same file 
loaded at larger base size 
(raylib trick)
      | ^~~~~~
src/scenes/UIStyle.h:27:1: 
warning: inline variables are 
only available with 
'-std=c++17' or 
'-std=gnu++17' 
[-Wc++17-extensions]
   27 | inline bool 
fontLoaded = false;
      | ^~~~~~
